{
    "-profile test": {
        "content": [
            {
                "CUSTOM_DUMPSOFTWAREVERSIONS": {
                    "python": "3.11.0",
                    "yaml": "6.0"
                },
                "STARAMR_SEARCH": {
                    "staramr": "0.12.3"
                },
                "Workflow": {
                    "phac-nml/staramrnf": "0.4.1"
                }
            },
            [
                "csvtk",
                "csvtk/merged_detailed_summary.staramr.tsv",
                "csvtk/merged_mlst.staramr.tsv",
                "csvtk/merged_plasmidfinder.staramr.tsv",
                "csvtk/merged_pointfinder.staramr.tsv",
                "csvtk/merged_resfinder.staramr.tsv",
                "csvtk/merged_summary.staramr.tsv",
                "iridanext.output.json",
                "pipeline_info",
                "pipeline_info/software_versions.yml",
                "staramr",
                "staramr/SAMPLE_1_results",
                "staramr/SAMPLE_1_results/SAMPLE_1_detailed_summary.staramr.tsv",
                "staramr/SAMPLE_1_results/SAMPLE_1_mlst.staramr.tsv",
                "staramr/SAMPLE_1_results/SAMPLE_1_plasmidfinder.staramr.tsv",
                "staramr/SAMPLE_1_results/SAMPLE_1_pointfinder.staramr.tsv",
                "staramr/SAMPLE_1_results/SAMPLE_1_resfinder.staramr.tsv",
                "staramr/SAMPLE_1_results/SAMPLE_1_results.staramr.xlsx",
                "staramr/SAMPLE_1_results/SAMPLE_1_settings.staramr.txt",
                "staramr/SAMPLE_1_results/SAMPLE_1_summary.staramr.tsv",
                "staramr/SAMPLE_2_results",
                "staramr/SAMPLE_2_results/SAMPLE_2_detailed_summary.staramr.tsv",
                "staramr/SAMPLE_2_results/SAMPLE_2_mlst.staramr.tsv",
                "staramr/SAMPLE_2_results/SAMPLE_2_plasmidfinder.staramr.tsv",
                "staramr/SAMPLE_2_results/SAMPLE_2_resfinder.staramr.tsv",
                "staramr/SAMPLE_2_results/SAMPLE_2_results.staramr.xlsx",
                "staramr/SAMPLE_2_results/SAMPLE_2_settings.staramr.txt",
                "staramr/SAMPLE_2_results/SAMPLE_2_summary.staramr.tsv"
            ],
            [
                "SAMPLE_1_detailed_summary.staramr.tsv:md5,c51b88365fdb3167942962d3b35f86cb",
                "SAMPLE_1_mlst.staramr.tsv:md5,53225628fff9e4f1ebe71189e6364e99",
                "SAMPLE_1_plasmidfinder.staramr.tsv:md5,06f38f23d6be0fb32bf66d31a517d78c",
                "SAMPLE_1_pointfinder.staramr.tsv:md5,625105a8284148f6f3c7b59c4c76b1eb",
                "SAMPLE_1_resfinder.staramr.tsv:md5,4620ef26ac38f3d8feddabd08e7a1579",
                "SAMPLE_1_summary.staramr.tsv:md5,1a73899ca3e08da7ddb288471428049c",
                "SAMPLE_2_detailed_summary.staramr.tsv:md5,4a0c1f5b5c6a25e69fae7b3c63054446",
                "SAMPLE_2_mlst.staramr.tsv:md5,98ae29df8833c7627ddc9e7947e4c421",
                "SAMPLE_2_plasmidfinder.staramr.tsv:md5,06f38f23d6be0fb32bf66d31a517d78c",
                "SAMPLE_2_resfinder.staramr.tsv:md5,6b4862f1c1d5877c0be45acd77eb1e08",
                "SAMPLE_2_summary.staramr.tsv:md5,127c7c579a3609291f8228b206588a35"
            ]
        ],
        "meta": {
            "nf-test": "0.9.3",
            "nextflow": "25.10.0"
        },
        "timestamp": "2026-08-12T08:58:15.237933603"
    }
}