{
    "Should run without failures - staramr genus parameters": {
        "content": [
            {
                "CUSTOM_DUMPSOFTWAREVERSIONS": {
                    "python": "3.11.0",
                    "yaml": "6.0"
                },
                "STARAMR_SEARCH": {
                    "staramr": "0.12.3"
                },
                "Workflow": {
                    "phac-nml/staramrnf": "0.3.3"
                }
            }
        ],
        "meta": {
            "nf-test": "0.9.3",
            "nextflow": "25.10.0"
        },
        "timestamp": "2026-06-16T11:12:26.302764281"
    }
}